sample_id	total	mean	granular_third_quartile	granular_median	granular_first_quartile	%_bases_above_15
NCG_00142	6535241443	82.92	112	61	30	90.0
Total	6535241443	82.92	N/A	N/A	N/A
