24681708 + 0 in total (QC-passed reads + QC-failed reads)
0 + 0 duplicates
24190810 + 0 mapped (98.01%:nan%)
24681708 + 0 paired in sequencing
12328923 + 0 read1
12352785 + 0 read2
23525478 + 0 properly paired (95.32%:nan%)
24074970 + 0 with itself and mate mapped
115840 + 0 singletons (0.47%:nan%)
443330 + 0 with mate mapped to a different chr
425405 + 0 with mate mapped to a different chr (mapQ>=5)