[2012-02-22 15:10:26]	[configureBclToFastq.pl]	INFO: Basecalling software: RTA
[2012-02-22 15:10:26]	[configureBclToFastq.pl]	INFO:              version: 1.12 (build 4)
[2012-02-22 15:10:26]	[configureBclToFastq.pl]	WARNING: 'LocationFileType' element not found in /proj/.test/roach/TestCells/120110_UNC13-SN749_0141_AD0J7WACXX/Data/Intensities/BaseCalls/../RTAConfiguration.xml
[2012-02-22 15:10:26]	[configureBclToFastq.pl]	INFO: Original use-bases mask: undefined
[2012-02-22 15:10:26]	[configureBclToFastq.pl]	INFO: Guessed use-bases mask: yyyyyyyyyyyyyyyyyyyyyyyyyyyyyyyyyyyyyyyyyyyyyyyy,IIIIIIn,yyyyyyyyyyyyyyyyyyyyyyyyyyyyyyyyyyyyyyyyyyyyyyyy
[2012-02-22 15:10:27]	[configureBclToFastq.pl]	INFO: Read 1: length = 48: mask = yyyyyyyyyyyyyyyyyyyyyyyyyyyyyyyyyyyyyyyyyyyyyyyy
[2012-02-22 15:10:27]	[configureBclToFastq.pl]	INFO: Read 2: length = 7: mask = IIIIIIn
[2012-02-22 15:10:27]	[configureBclToFastq.pl]	INFO: Read 3: length = 48: mask = yyyyyyyyyyyyyyyyyyyyyyyyyyyyyyyyyyyyyyyyyyyyyyyy
[2012-02-22 15:10:27]	[configureBclToFastq.pl]	INFO: Running self tests: 'make self_test'
[2012-02-22 15:10:28]	[configureBclToFastq.pl]	INFO: Running self tests on /proj/.test/roach/TestCells/120110_UNC13-SN749_0141_AD0J7WACXX/Unaligned completed with no problems
